Syntax Error: specification of command executions cannot be parsed
parse error (Line 111, Column 18)
